###############################################################################
#
# IAR ELF Linker V9.40.2.374/W64 for ARM                  13/Oct/2023  20:15:12
# Copyright 2007-2023 IAR Systems AB.
#
#    Output file  =  C:\AutomotiveEmbedded_Programming\LAB_2\Debug\Exe\main.out
#    Map file     =
#        C:\AutomotiveEmbedded_Programming\LAB_2\Debug\List\main.map
#    Command line =
#        -f C:\AutomotiveEmbedded_Programming\LAB_2\Debug\Exe\main.out.rsp
#        (C:\AutomotiveEmbedded_Programming\LAB_2\Debug\Obj\main.o
#        C:\AutomotiveEmbedded_Programming\LAB_2\Debug\Obj\Port_Config.o
#        C:\AutomotiveEmbedded_Programming\LAB_2\Debug\Obj\scheduler.o
#        C:\AutomotiveEmbedded_Programming\LAB_2\Debug\Obj\startup_ewarm.o
#        C:\AutomotiveEmbedded_Programming\LAB_2\Debug\Obj\SysTick.o
#        --no_out_extension -o
#        C:\AutomotiveEmbedded_Programming\LAB_2\Debug\Exe\main.out --redirect
#        _Printf=_PrintfFullNoMb --redirect _Scanf=_ScanfFullNoMb --map
#        C:\AutomotiveEmbedded_Programming\LAB_2\Debug\List\main.map --config
#        "C:\Program Files\IAR Systems\Embedded Workbench
#        9.2\arm/config/linker/TexasInstruments/TM4C123GH6.icf" --semihosting
#        --entry __iar_program_start --vfe --text_out locale --cpu=Cortex-M4
#        --fpu=None) --dependencies=n
#        C:\AutomotiveEmbedded_Programming\LAB_2\Debug\Exe\main.out.iar_deps
#
###############################################################################

*******************************************************************************
*** RUNTIME MODEL ATTRIBUTES
***

CppFlavor       = *
__CPP_Runtime   = 1
__SystemLibrary = DLib
__dlib_version  = 6


*******************************************************************************
*** HEAP SELECTION
***

The basic heap was selected because --advanced_heap
was not specified and the application did not appear to
be primarily optimized for speed.


*******************************************************************************
*** PLACEMENT SUMMARY
***

"A0":  place at address 0x0 { ro section .intvec };
"P1":  place in [from 0x0 to 0x3'ffff] { ro };
define block CSTACK with size = 4K, alignment = 8 { };
define block HEAP with size = 8K, alignment = 8 { };
"P2":  place in [from 0x2000'0000 to 0x2000'7fff] {
          rw, block CSTACK, block HEAP };
do not initialize { rw section .noinit };

  Section          Kind         Address   Size  Object
  -------          ----         -------   ----  ------
"A0":                                    0x26c
  .intvec          const            0x0  0x26c  startup_ewarm.o [1]
                                - 0x26c  0x26c

"P1":                                    0x2a8
  .text            ro code        0x26c  0x110  main.o [1]
  .text            ro code        0x37c   0x8c  scheduler.o [1]
  .text            ro code        0x408   0x38  zero_init3.o [3]
  .text            ro code        0x440   0x28  data_init.o [3]
  .iar.init_table  const          0x468   0x10  - Linker created -
  .text            ro code        0x478   0x1e  startup_ewarm.o [1]
  .text            ro code        0x498   0x1c  cstartup_M.o [3]
  .text            ro code        0x4b4   0x1e  cmain.o [3]
  .text            ro code        0x4d2    0x4  low_level_init.o [2]
  .text            ro code        0x4d6    0x4  exit.o [2]
  .text            ro code        0x4dc    0xa  cexit.o [3]
  .text            ro code        0x4e8   0x14  exit.o [4]
  .text            ro code        0x4fc   0x18  SysTick.o [1]
  .rodata          const          0x514    0x0  zero_init3.o [3]
                                - 0x514  0x2a8

"P2", part 1 of 2:                        0xbc
  .bss             zero     0x2000'0000   0xa0  scheduler.o [1]
  .bss             zero     0x2000'00a0    0x8  scheduler.o [1]
  .bss             zero     0x2000'00a8    0x4  scheduler.o [1]
  .bss             zero     0x2000'00ac    0x4  scheduler.o [1]
  .bss             zero     0x2000'00b0    0x4  SysTick.o [1]
  .bss             zero     0x2000'00b4    0x4  SysTick.o [1]
  .bss             zero     0x2000'00b8    0x1  main.o [1]
                          - 0x2000'00b9   0xb9

"P2", part 2 of 2:                       0x200
  .noinit          uninit   0x2000'00bc  0x200  startup_ewarm.o [1]
                          - 0x2000'02bc  0x200

Unused ranges:

         From           To      Size
         ----           --      ----
        0x514     0x3'ffff  0x3'faec
  0x2000'02bc  0x2000'7fff    0x7d44


*******************************************************************************
*** INIT TABLE
***

          Address      Size
          -------      ----
Zero (__iar_zero_init3)
    1 destination range, total size 0xb9:
          0x2000'0000  0xb9



*******************************************************************************
*** MODULE SUMMARY
***

    Module            ro code  ro data  rw data
    ------            -------  -------  -------
command line/config:
    -------------------------------------------
    Total:

C:\AutomotiveEmbedded_Programming\LAB_2\Debug\Obj: [1]
    SysTick.o              24                 8
    main.o                272                 1
    scheduler.o           140               176
    startup_ewarm.o        30      620      512
    -------------------------------------------
    Total:                466      620      697

dl7M_tln.a: [2]
    exit.o                  4
    low_level_init.o        4
    -------------------------------------------
    Total:                  8

rt7M_tl.a: [3]
    cexit.o                10
    cmain.o                30
    cstartup_M.o           28
    data_init.o            40
    zero_init3.o           56
    -------------------------------------------
    Total:                164

shb_l.a: [4]
    exit.o                 20
    -------------------------------------------
    Total:                 20

    Gaps                    6
    Linker created                  16
-----------------------------------------------
    Grand Total:          664      636      697


*******************************************************************************
*** ENTRY LIST
***

Entry                       Address   Size  Type      Object
-----                       -------   ----  ----      ------
.iar.init_table$$Base         0x468          --   Gb  - Linker created -
.iar.init_table$$Limit        0x478          --   Gb  - Linker created -
?main                         0x4b5         Code  Gb  cmain.o [3]
FaultISR                      0x493    0x2  Code  Lc  startup_ewarm.o [1]
IntDefaultHandler             0x495    0x2  Code  Lc  startup_ewarm.o [1]
NmiSR                         0x491    0x2  Code  Lc  startup_ewarm.o [1]
Region$$Table$$Base           0x468          --   Gb  - Linker created -
Region$$Table$$Limit          0x478          --   Gb  - Linker created -
ResetISR                      0x479   0x12  Code  Gb  startup_ewarm.o [1]
SysTick_Handler               0x4fd   0x10  Code  Gb  SysTick.o [1]
__cmain                       0x4b5         Code  Gb  cmain.o [3]
__exit                        0x4e9   0x14  Code  Gb  exit.o [4]
__iar_data_init3              0x441   0x28  Code  Gb  data_init.o [3]
__iar_program_start           0x499         Code  Gb  cstartup_M.o [3]
__iar_zero_init3              0x409   0x38  Code  Gb  zero_init3.o [3]
__low_level_init              0x4d3    0x4  Code  Gb  low_level_init.o [2]
__vector_table                  0x0  0x26c  Data  Gb  startup_ewarm.o [1]
_call_main                    0x4c1         Code  Gb  cmain.o [3]
_exit                         0x4dd         Code  Gb  cexit.o [3]
array                   0x2000'0000   0xa0  Data  Gb  scheduler.o [1]
counter                 0x2000'00b0    0x4  Data  Gb  SysTick.o [1]
currentState            0x2000'00b8    0x1  Data  Gb  main.o [1]
exit                          0x4d7    0x4  Code  Gb  exit.o [2]
flag                    0x2000'00b4    0x4  Data  Gb  SysTick.o [1]
i                       0x2000'00ac    0x4  Data  Gb  scheduler.o [1]
main                          0x33d   0x1e  Code  Gb  main.o [1]
pui32Stack              0x2000'00bc  0x200  Data  Lc  startup_ewarm.o [1]
setup                         0x26d   0x3a  Code  Gb  main.o [1]
t_identifier            0x2000'00a0    0x8  Data  Gb  scheduler.o [1]
task_i                  0x2000'00a8    0x4  Data  Gb  scheduler.o [1]
task_init                     0x37d   0x24  Code  Gb  scheduler.o [1]
task_readSwitches             0x2a7   0x4c  Code  Gb  main.o [1]
task_sched                    0x3a1   0x4e  Code  Gb  scheduler.o [1]
task_switchStates             0x2f3   0x4a  Code  Gb  main.o [1]


[1] = C:\AutomotiveEmbedded_Programming\LAB_2\Debug\Obj
[2] = dl7M_tln.a
[3] = rt7M_tl.a
[4] = shb_l.a

  664 bytes of readonly  code memory
  636 bytes of readonly  data memory
  697 bytes of readwrite data memory

Errors: none
Warnings: none
